Archive member included to satisfy reference by file (symbol)

c:/program files (x86)/gnu tools arm embedded/6 2017-q2-update/bin/../lib/gcc/arm-none-eabi/6.3.1/thumb/v7e-m\libgcc.a(_arm_addsubdf3.o)
                              ./src/HAL_UART_out.o (__aeabi_f2d)
c:/program files (x86)/gnu tools arm embedded/6 2017-q2-update/bin/../lib/gcc/arm-none-eabi/6.3.1/thumb/v7e-m\libgcc.a(unwind-arm.o)
                              ./system/src/newlib/_cxx.o (__aeabi_unwind_cpp_pr1)
c:/program files (x86)/gnu tools arm embedded/6 2017-q2-update/bin/../lib/gcc/arm-none-eabi/6.3.1/thumb/v7e-m\libgcc.a(libunwind.o)
                              c:/program files (x86)/gnu tools arm embedded/6 2017-q2-update/bin/../lib/gcc/arm-none-eabi/6.3.1/thumb/v7e-m\libgcc.a(unwind-arm.o) (restore_core_regs)
c:/program files (x86)/gnu tools arm embedded/6 2017-q2-update/bin/../lib/gcc/arm-none-eabi/6.3.1/thumb/v7e-m\libgcc.a(pr-support.o)
                              c:/program files (x86)/gnu tools arm embedded/6 2017-q2-update/bin/../lib/gcc/arm-none-eabi/6.3.1/thumb/v7e-m\libgcc.a(unwind-arm.o) (__gnu_unwind_execute)
c:/program files (x86)/gnu tools arm embedded/6 2017-q2-update/bin/../lib/gcc/arm-none-eabi/6.3.1/../../../../arm-none-eabi/lib/thumb/v7e-m\libg_nano.a(lib_a-errno.o)
                              ./system/src/newlib/_sbrk.o (__errno)
c:/program files (x86)/gnu tools arm embedded/6 2017-q2-update/bin/../lib/gcc/arm-none-eabi/6.3.1/../../../../arm-none-eabi/lib/thumb/v7e-m\libg_nano.a(lib_a-impure.o)
                              c:/program files (x86)/gnu tools arm embedded/6 2017-q2-update/bin/../lib/gcc/arm-none-eabi/6.3.1/../../../../arm-none-eabi/lib/thumb/v7e-m\libg_nano.a(lib_a-errno.o) (_impure_ptr)
c:/program files (x86)/gnu tools arm embedded/6 2017-q2-update/bin/../lib/gcc/arm-none-eabi/6.3.1/../../../../arm-none-eabi/lib/thumb/v7e-m\libg_nano.a(lib_a-init.o)
                              ./system/src/cmsis/startup_stm32f429xx.o (__libc_init_array)
c:/program files (x86)/gnu tools arm embedded/6 2017-q2-update/bin/../lib/gcc/arm-none-eabi/6.3.1/../../../../arm-none-eabi/lib/thumb/v7e-m\libg_nano.a(lib_a-memcpy-stub.o)
                              c:/program files (x86)/gnu tools arm embedded/6 2017-q2-update/bin/../lib/gcc/arm-none-eabi/6.3.1/thumb/v7e-m\libgcc.a(unwind-arm.o) (memcpy)
c:/program files (x86)/gnu tools arm embedded/6 2017-q2-update/bin/../lib/gcc/arm-none-eabi/6.3.1/../../../../arm-none-eabi/lib/thumb/v7e-m\libg_nano.a(lib_a-sprintf.o)
                              ./src/HAL_UART_out.o (sprintf)
c:/program files (x86)/gnu tools arm embedded/6 2017-q2-update/bin/../lib/gcc/arm-none-eabi/6.3.1/../../../../arm-none-eabi/lib/thumb/v7e-m\libg_nano.a(lib_a-strlen.o)
                              ./system/src/diag/Trace.o (strlen)
c:/program files (x86)/gnu tools arm embedded/6 2017-q2-update/bin/../lib/gcc/arm-none-eabi/6.3.1/../../../../arm-none-eabi/lib/thumb/v7e-m\libg_nano.a(lib_a-vsnprintf.o)
                              ./system/src/diag/Trace.o (vsnprintf)
c:/program files (x86)/gnu tools arm embedded/6 2017-q2-update/bin/../lib/gcc/arm-none-eabi/6.3.1/../../../../arm-none-eabi/lib/thumb/v7e-m\libg_nano.a(lib_a-nano-svfprintf.o)
                              c:/program files (x86)/gnu tools arm embedded/6 2017-q2-update/bin/../lib/gcc/arm-none-eabi/6.3.1/../../../../arm-none-eabi/lib/thumb/v7e-m\libg_nano.a(lib_a-sprintf.o) (_svfprintf_r)
c:/program files (x86)/gnu tools arm embedded/6 2017-q2-update/bin/../lib/gcc/arm-none-eabi/6.3.1/../../../../arm-none-eabi/lib/thumb/v7e-m\libg_nano.a(lib_a-nano-vfprintf_i.o)
                              c:/program files (x86)/gnu tools arm embedded/6 2017-q2-update/bin/../lib/gcc/arm-none-eabi/6.3.1/../../../../arm-none-eabi/lib/thumb/v7e-m\libg_nano.a(lib_a-nano-svfprintf.o) (_printf_i)
c:/program files (x86)/gnu tools arm embedded/6 2017-q2-update/bin/../lib/gcc/arm-none-eabi/6.3.1/../../../../arm-none-eabi/lib/thumb/v7e-m\libg_nano.a(lib_a-memchr.o)
                              c:/program files (x86)/gnu tools arm embedded/6 2017-q2-update/bin/../lib/gcc/arm-none-eabi/6.3.1/../../../../arm-none-eabi/lib/thumb/v7e-m\libg_nano.a(lib_a-nano-svfprintf.o) (memchr)
c:/program files (x86)/gnu tools arm embedded/6 2017-q2-update/bin/../lib/gcc/arm-none-eabi/6.3.1/../../../../arm-none-eabi/lib/thumb/v7e-m\libg_nano.a(lib_a-memmove.o)
                              c:/program files (x86)/gnu tools arm embedded/6 2017-q2-update/bin/../lib/gcc/arm-none-eabi/6.3.1/../../../../arm-none-eabi/lib/thumb/v7e-m\libg_nano.a(lib_a-nano-svfprintf.o) (memmove)
c:/program files (x86)/gnu tools arm embedded/6 2017-q2-update/bin/../lib/gcc/arm-none-eabi/6.3.1/../../../../arm-none-eabi/lib/thumb/v7e-m\libg_nano.a(lib_a-nano-freer.o)
                              c:/program files (x86)/gnu tools arm embedded/6 2017-q2-update/bin/../lib/gcc/arm-none-eabi/6.3.1/../../../../arm-none-eabi/lib/thumb/v7e-m\libg_nano.a(lib_a-nano-svfprintf.o) (_free_r)
[...]
Memory Configuration

Name             Origin             Length             Attributes
FLASH            0x08000000         0x00200000         xr
RAM              0x20000000         0x0001c000         xrw
CCMRAM           0x10000000         0x00000000         xrw
FLASHB1          0x00000000         0x00000000         xr
EXTMEMB0         0x00000000         0x00000000         xr
EXTMEMB1         0x00000000         0x00000000         xr
EXTMEMB2         0x00000000         0x00000000         xr
EXTMEMB3         0x00000000         0x00000000         xr
*default*        0x00000000         0xffffffff

Linker script and memory map

LOAD ./system/src/newlib/_cxx.o
LOAD ./system/src/newlib/_exit.o
LOAD ./system/src/newlib/_sbrk.o
LOAD ./system/src/newlib/_startup.o
LOAD ./system/src/newlib/_syscalls.o
LOAD ./system/src/newlib/assert.o
LOAD ./system/src/diag/Trace.o
LOAD ./system/src/diag/trace_impl.o
LOAD ./system/src/cortexm/_initialize_hardware.o
LOAD ./system/src/cortexm/_reset_hardware.o
LOAD ./system/src/cortexm/exception_handlers.o
LOAD ./system/src/cmsis/startup_stm32f429xx.o
LOAD ./system/src/cmsis/system_stm32f4xx.o
LOAD ./system/src/STM32F4XX/stm32f4xx_hal.o
LOAD ./system/src/STM32F4XX/stm32f4xx_hal_adc.o
LOAD ./system/src/STM32F4XX/stm32f4xx_hal_adc_ex.o
LOAD ./system/src/STM32F4XX/stm32f4xx_hal_can.o
LOAD ./system/src/STM32F4XX/stm32f4xx_hal_cec.o
LOAD ./system/src/STM32F4XX/stm32f4xx_hal_cortex.o
LOAD ./system/src/STM32F4XX/stm32f4xx_hal_crc.o
LOAD ./system/src/STM32F4XX/stm32f4xx_hal_cryp.o
LOAD ./system/src/STM32F4XX/stm32f4xx_hal_cryp_ex.o
LOAD ./system/src/STM32F4XX/stm32f4xx_hal_dac.o
LOAD ./system/src/STM32F4XX/stm32f4xx_hal_dac_ex.o
LOAD ./system/src/STM32F4XX/stm32f4xx_hal_dcmi.o
LOAD ./system/src/STM32F4XX/stm32f4xx_hal_dcmi_ex.o
LOAD ./system/src/STM32F4XX/stm32f4xx_hal_dma.o
LOAD ./system/src/STM32F4XX/stm32f4xx_hal_dma2d.o
LOAD ./system/src/STM32F4XX/stm32f4xx_hal_dma_ex.o
LOAD ./system/src/STM32F4XX/stm32f4xx_hal_dsi.o
LOAD ./system/src/STM32F4XX/stm32f4xx_hal_eth.o
LOAD ./system/src/STM32F4XX/stm32f4xx_hal_flash.o
LOAD ./system/src/STM32F4XX/stm32f4xx_hal_flash_ex.o
LOAD ./system/src/STM32F4XX/stm32f4xx_hal_flash_ramfunc.o
LOAD ./system/src/STM32F4XX/stm32f4xx_hal_fmpi2c.o
LOAD ./system/src/STM32F4XX/stm32f4xx_hal_fmpi2c_ex.o
LOAD ./system/src/STM32F4XX/stm32f4xx_hal_gpio.o
LOAD ./system/src/STM32F4XX/stm32f4xx_hal_hash.o
LOAD ./system/src/STM32F4XX/stm32f4xx_hal_hash_ex.o
LOAD ./system/src/STM32F4XX/stm32f4xx_hal_hcd.o
LOAD ./system/src/STM32F4XX/stm32f4xx_hal_i2c.o
LOAD ./system/src/STM32F4XX/stm32f4xx_hal_i2c_ex.o
LOAD ./system/src/STM32F4XX/stm32f4xx_hal_i2s.o
LOAD ./system/src/STM32F4XX/stm32f4xx_hal_i2s_ex.o
LOAD ./system/src/STM32F4XX/stm32f4xx_hal_irda.o
LOAD ./system/src/STM32F4XX/stm32f4xx_hal_iwdg.o
LOAD ./system/src/STM32F4XX/stm32f4xx_hal_lptim.o
LOAD ./system/src/STM32F4XX/stm32f4xx_hal_ltdc.o
LOAD ./system/src/STM32F4XX/stm32f4xx_hal_ltdc_ex.o
LOAD ./system/src/STM32F4XX/stm32f4xx_hal_msp_template.o
LOAD ./system/src/STM32F4XX/stm32f4xx_hal_nand.o
LOAD ./system/src/STM32F4XX/stm32f4xx_hal_nor.o
LOAD ./system/src/STM32F4XX/stm32f4xx_hal_pccard.o
LOAD ./system/src/STM32F4XX/stm32f4xx_hal_pcd.o
LOAD ./system/src/STM32F4XX/stm32f4xx_hal_pcd_ex.o
LOAD ./system/src/STM32F4XX/stm32f4xx_hal_pwr.o
LOAD ./system/src/STM32F4XX/stm32f4xx_hal_pwr_ex.o
LOAD ./system/src/STM32F4XX/stm32f4xx_hal_qspi.o
LOAD ./system/src/STM32F4XX/stm32f4xx_hal_rcc.o
LOAD ./system/src/STM32F4XX/stm32f4xx_hal_rcc_ex.o
LOAD ./system/src/STM32F4XX/stm32f4xx_hal_rng.o
LOAD ./system/src/STM32F4XX/stm32f4xx_hal_rtc.o
LOAD ./system/src/STM32F4XX/stm32f4xx_hal_rtc_ex.o
LOAD ./system/src/STM32F4XX/stm32f4xx_hal_sai.o
LOAD ./system/src/STM32F4XX/stm32f4xx_hal_sai_ex.o
LOAD ./system/src/STM32F4XX/stm32f4xx_hal_sd.o
LOAD ./system/src/STM32F4XX/stm32f4xx_hal_sdram.o
LOAD ./system/src/STM32F4XX/stm32f4xx_hal_smartcard.o
LOAD ./system/src/STM32F4XX/stm32f4xx_hal_spdifrx.o
LOAD ./system/src/STM32F4XX/stm32f4xx_hal_spi.o
LOAD ./system/src/STM32F4XX/stm32f4xx_hal_sram.o
LOAD ./system/src/STM32F4XX/stm32f4xx_hal_tim.o
LOAD ./system/src/STM32F4XX/stm32f4xx_hal_tim_ex.o
LOAD ./system/src/STM32F4XX/stm32f4xx_hal_timebase_tim_template.o
LOAD ./system/src/STM32F4XX/stm32f4xx_hal_uart.o
LOAD ./system/src/STM32F4XX/stm32f4xx_hal_usart.o
LOAD ./system/src/STM32F4XX/stm32f4xx_hal_wwdg.o
LOAD ./system/src/STM32F4XX/stm32f4xx_ll_fmc.o
LOAD ./system/src/STM32F4XX/stm32f4xx_ll_fsmc.o
LOAD ./system/src/STM32F4XX/stm32f4xx_ll_sdmmc.o
LOAD ./system/src/STM32F4XX/stm32f4xx_ll_usb.o
LOAD ./src/HAL_UART_out.o
LOAD ./src/_write.o
LOAD ./src/main.o
LOAD ./src/stm32f429i_discovery.o
LOAD ./src/stm32f4xx_it.o
LOAD c:/program files (x86)/gnu tools arm embedded/6 2017-q2-update/bin/../lib/gcc/arm-none-eabi/6.3.1/../../../../arm-none-eabi/lib/thumb/v7e-m\libstdc++_nano.a
LOAD c:/program files (x86)/gnu tools arm embedded/6 2017-q2-update/bin/../lib/gcc/arm-none-eabi/6.3.1/../../../../arm-none-eabi/lib/thumb/v7e-m\libm.a
START GROUP
LOAD c:/program files (x86)/gnu tools arm embedded/6 2017-q2-update/bin/../lib/gcc/arm-none-eabi/6.3.1/thumb/v7e-m\libgcc.a
LOAD c:/program files (x86)/gnu tools arm embedded/6 2017-q2-update/bin/../lib/gcc/arm-none-eabi/6.3.1/../../../../arm-none-eabi/lib/thumb/v7e-m\libg_nano.a
LOAD c:/program files (x86)/gnu tools arm embedded/6 2017-q2-update/bin/../lib/gcc/arm-none-eabi/6.3.1/../../../../arm-none-eabi/lib/thumb/v7e-m\libc_nano.a
END GROUP
START GROUP
LOAD c:/program files (x86)/gnu tools arm embedded/6 2017-q2-update/bin/../lib/gcc/arm-none-eabi/6.3.1/thumb/v7e-m\libgcc.a
LOAD c:/program files (x86)/gnu tools arm embedded/6 2017-q2-update/bin/../lib/gcc/arm-none-eabi/6.3.1/../../../../arm-none-eabi/lib/thumb/v7e-m\libc_nano.a
END GROUP
                0x2001c000                __stack = (ORIGIN (RAM) + LENGTH (RAM))
                0x2001c000                _estack = __stack
                0x00000400                __Main_Stack_Size = 0x400
                [!provide]                PROVIDE (_Main_Stack_Size, __Main_Stack_Size)
                0x2001bc00                __Main_Stack_Limit = (__stack - __Main_Stack_Size)
                [!provide]                PROVIDE (_Main_Stack_Limit, __Main_Stack_Limit)
                0x00000100                _Minimum_Stack_Size = 0x100
                0x2000033c                PROVIDE (_Heap_Begin, _end_noinit)
                0x2001bc00                PROVIDE (_Heap_Limit, (__stack - __Main_Stack_Size))

.isr_vector     0x08000000      0x3c4
 FILL mask 0xff
                0x08000000                __vectors_start = ABSOLUTE (.)
                0x08000000                __vectors_start__ = ABSOLUTE (.)
 *(.isr_vector)
 .isr_vector    0x08000000      0x1ac ./system/src/cmsis/startup_stm32f429xx.o
                0x08000000                g_pfnVectors
 *(.cfmconfig)
 *(.after_vectors .after_vectors.*)
 .after_vectors
                0x080001ac      0x114 ./system/src/newlib/_startup.o
                0x080001ac                _start
 .after_vectors
                0x080002c0      0x104 ./system/src/cortexm/exception_handlers.o
                0x080002c0                Reset_Handler
                0x080002de                HardFault_Handler_C
                0x0800032c                BusFault_Handler_C
                0x08000374                UsageFault_Handler_C

.inits          0x080003c4       0x28
                0x080003c4                __data_regions_array_start = .
                0x080003c4        0x4 LONG 0x8002c14 LOADADDR (.data)
                0x080003c8        0x4 LONG 0x20000000 ADDR (.data)
                0x080003cc        0x4 LONG 0x20000080 (ADDR (.data) + SIZEOF (.data))
                0x080003d0        0x4 LONG 0x8002c14 LOADADDR (.data_CCMRAM)
                0x080003d4        0x4 LONG 0x10000000 ADDR (.data_CCMRAM)
                0x080003d8        0x4 LONG 0x10000000 (ADDR (.data_CCMRAM) + SIZEOF (.data_CCMRAM))
                0x080003dc                __data_regions_array_end = .
                0x080003dc                __bss_regions_array_start = .
                0x080003dc        0x4 LONG 0x20000080 ADDR (.bss)
                0x080003e0        0x4 LONG 0x2000033c (ADDR (.bss) + SIZEOF (.bss))
                0x080003e4        0x4 LONG 0x10000000 ADDR (.bss_CCMRAM)
                0x080003e8        0x4 LONG 0x10000000 (ADDR (.bss_CCMRAM) + SIZEOF (.bss_CCMRAM))
                0x080003ec                __bss_regions_array_end = .
 *(.init)
 *(.fini)
                0x080003ec                . = ALIGN (0x4)
                0x080003ec                PROVIDE (__preinit_array_start, .)
 *(.preinit_array_sysinit .preinit_array_sysinit.*)
 *(.preinit_array_platform .preinit_array_platform.*)
 *(.preinit_array .preinit_array.*)
                0x080003ec                PROVIDE (__preinit_array_end, .)
                0x080003ec                . = ALIGN (0x4)
                0x080003ec                PROVIDE (__init_array_start, .)
 *(SORT(.init_array.*))
 *(.init_array)
                0x080003ec                PROVIDE (__init_array_end, .)
                0x080003ec                . = ALIGN (0x4)
                0x080003ec                PROVIDE (__fini_array_start, .)
 *(SORT(.fini_array.*))
 *(.fini_array)
                0x080003ec                PROVIDE (__fini_array_end, .)

.flashtext
 *(.flashtext .flashtext.*)

.text           0x080003f0     0x2823
 *(.text .text.*)
 .text._exit    0x080003f0        0x2 ./system/src/newlib/_exit.o
                0x080003f0                _exit
 *fill*         0x080003f2        0x2 
 .text._sbrk    0x080003f4       0x44 ./system/src/newlib/_sbrk.o
                0x080003f4                _sbrk
 .text.__initialize_args
                0x08000438       0x10 ./system/src/newlib/_syscalls.o
                0x08000438                __initialize_args
 .text.trace_printf
                0x08000448       0x30 ./system/src/diag/Trace.o
                0x08000448                trace_printf
 .text.trace_write
                0x08000478        0x6 ./system/src/diag/trace_impl.o
                0x08000478                trace_write
 *fill*         0x0800047e        0x2 
 .text.__initialize_hardware_early
                0x08000480       0x18 ./system/src/cortexm/_initialize_hardware.o
                0x08000480                __initialize_hardware_early
 .text.__initialize_hardware
                0x08000498        0x8 ./system/src/cortexm/_initialize_hardware.o
                0x08000498                __initialize_hardware
 .text.dumpExceptionStack
                0x080004a0       0xf4 ./system/src/cortexm/exception_handlers.o
                0x080004a0                dumpExceptionStack
 .text.Default_Handler
                0x08000594        0x2 ./system/src/cmsis/startup_stm32f429xx.o
                0x08000594                RTC_Alarm_IRQHandler
                0x08000594                HASH_RNG_IRQHandler
                0x08000594                EXTI2_IRQHandler
                0x08000594                TIM8_CC_IRQHandler
                0x08000594                UART8_IRQHandler
                0x08000594                SPI4_IRQHandler
                0x08000594                TIM1_CC_IRQHandler
                0x08000594                DMA1_Stream5_IRQHandler
                0x08000594                PVD_IRQHandler
                0x08000594                SDIO_IRQHandler
                0x08000594                TAMP_STAMP_IRQHandler
                0x08000594                CAN2_RX1_IRQHandler
                0x08000594                EXTI3_IRQHandler
                0x08000594                TIM8_TRG_COM_TIM14_IRQHandler
                0x08000594                TIM1_UP_TIM10_IRQHandler
                0x08000594                TIM8_UP_TIM13_IRQHandler
                0x08000594                I2C3_ER_IRQHandler
                0x08000594                EXTI0_IRQHandler
                0x08000594                I2C2_EV_IRQHandler
                0x08000594                DMA1_Stream2_IRQHandler
                0x08000594                CAN1_RX0_IRQHandler
                0x08000594                FPU_IRQHandler
                0x08000594                OTG_HS_WKUP_IRQHandler
                0x08000594                LTDC_ER_IRQHandler
                0x08000594                CAN2_SCE_IRQHandler
                0x08000594                DMA2_Stream2_IRQHandler
                0x08000594                SPI1_IRQHandler
                0x08000594                TIM1_BRK_TIM9_IRQHandler
                0x08000594                DCMI_IRQHandler
                0x08000594                CAN2_RX0_IRQHandler
                0x08000594                DMA2_Stream3_IRQHandler
                0x08000594                USART6_IRQHandler
                0x08000594                USART3_IRQHandler
                0x08000594                CAN1_RX1_IRQHandler
                0x08000594                UART5_IRQHandler
                0x08000594                DMA2_Stream0_IRQHandler
                0x08000594                TIM4_IRQHandler
                0x08000594                I2C1_EV_IRQHandler
                0x08000594                DMA1_Stream6_IRQHandler
                0x08000594                DMA1_Stream1_IRQHandler
                0x08000594                UART4_IRQHandler
                0x08000594                TIM3_IRQHandler
                0x08000594                RCC_IRQHandler
                0x08000594                TIM8_BRK_TIM12_IRQHandler
                0x08000594                Default_Handler
                0x08000594                EXTI15_10_IRQHandler
                0x08000594                ADC_IRQHandler
                0x08000594                DMA1_Stream7_IRQHandler
                0x08000594                SPI5_IRQHandler
                0x08000594                TIM7_IRQHandler
                0x08000594                CAN2_TX_IRQHandler
                0x08000594                TIM5_IRQHandler
                0x08000594                I2C3_EV_IRQHandler
                0x08000594                EXTI9_5_IRQHandler
                0x08000594                RTC_WKUP_IRQHandler
                0x08000594                LTDC_IRQHandler
                0x08000594                ETH_WKUP_IRQHandler
                0x08000594                SPI2_IRQHandler
                0x08000594                OTG_HS_EP1_IN_IRQHandler
                0x08000594                DMA1_Stream0_IRQHandler
                0x08000594                CAN1_TX_IRQHandler
                0x08000594                EXTI4_IRQHandler
                0x08000594                ETH_IRQHandler
                0x08000594                OTG_HS_EP1_OUT_IRQHandler
                0x08000594                WWDG_IRQHandler
                0x08000594                SPI6_IRQHandler
                0x08000594                TIM2_IRQHandler
                0x08000594                OTG_FS_WKUP_IRQHandler
                0x08000594                TIM1_TRG_COM_TIM11_IRQHandler
                0x08000594                OTG_HS_IRQHandler
                0x08000594                DMA2D_IRQHandler
                0x08000594                EXTI1_IRQHandler
                0x08000594                UART7_IRQHandler
                0x08000594                USART2_IRQHandler
                0x08000594                I2C2_ER_IRQHandler
                0x08000594                DMA2_Stream1_IRQHandler
                0x08000594                CAN1_SCE_IRQHandler
                0x08000594                FLASH_IRQHandler
                0x08000594                DMA2_Stream4_IRQHandler
                0x08000594                OTG_FS_IRQHandler
                0x08000594                SPI3_IRQHandler
                0x08000594                DMA1_Stream4_IRQHandler
                0x08000594                I2C1_ER_IRQHandler
                0x08000594                FMC_IRQHandler
                0x08000594                DMA2_Stream6_IRQHandler
                0x08000594                SAI1_IRQHandler
                0x08000594                DMA1_Stream3_IRQHandler
 *fill*         0x08000596        0x2 
 .text.SystemInit
                0x08000598       0x40 ./system/src/cmsis/system_stm32f4xx.o
                0x08000598                SystemInit
 .text.SystemCoreClockUpdate
                0x080005d8       0xa0 ./system/src/cmsis/system_stm32f4xx.o
                0x080005d8                SystemCoreClockUpdate
 .text.HAL_Init
                0x08000678       0x34 ./system/src/STM32F4XX/stm32f4xx_hal.o
                0x08000678                HAL_Init
 .text.HAL_IncTick
                0x080006ac       0x10 ./system/src/STM32F4XX/stm32f4xx_hal.o
                0x080006ac                HAL_IncTick
 .text.HAL_GetTick
                0x080006bc        0xc ./system/src/STM32F4XX/stm32f4xx_hal.o
                0x080006bc                HAL_GetTick
 .text.HAL_Delay
                0x080006c8       0x1c ./system/src/STM32F4XX/stm32f4xx_hal.o
                0x080006c8                HAL_Delay
 .text.HAL_NVIC_SetPriorityGrouping
                0x080006e4       0x24 ./system/src/STM32F4XX/stm32f4xx_hal_cortex.o
                0x080006e4                HAL_NVIC_SetPriorityGrouping
 .text.HAL_NVIC_SetPriority
                0x08000708       0x64 ./system/src/STM32F4XX/stm32f4xx_hal_cortex.o
                0x08000708                HAL_NVIC_SetPriority
 .text.HAL_NVIC_EnableIRQ
                0x0800076c       0x18 ./system/src/STM32F4XX/stm32f4xx_hal_cortex.o
                0x0800076c                HAL_NVIC_EnableIRQ
 .text.HAL_DMA_IRQHandler
                0x08000784      0x1b4 ./system/src/STM32F4XX/stm32f4xx_hal_dma.o
                0x08000784                HAL_DMA_IRQHandler
 .text.HAL_GPIO_Init
                0x08000938      0x1e4 ./system/src/STM32F4XX/stm32f4xx_hal_gpio.o
                0x08000938                HAL_GPIO_Init
 .text.HAL_GPIO_WritePin
                0x08000b1c        0xc ./system/src/STM32F4XX/stm32f4xx_hal_gpio.o
                0x08000b1c                HAL_GPIO_WritePin
 .text.HAL_GPIO_TogglePin
                0x08000b28        0x8 ./system/src/STM32F4XX/stm32f4xx_hal_gpio.o
                0x08000b28                HAL_GPIO_TogglePin
 .text.HAL_MspInit
                0x08000b30        0x2 ./system/src/STM32F4XX/stm32f4xx_hal_msp_template.o
                0x08000b30                HAL_MspInit
 *fill*         0x08000b32        0x2 
 .text.HAL_PWREx_EnableOverDrive
                0x08000b34       0xa0 ./system/src/STM32F4XX/stm32f4xx_hal_pwr_ex.o
                0x08000b34                HAL_PWREx_EnableOverDrive
 .text.HAL_RCC_OscConfig
                0x08000bd4      0x344 ./system/src/STM32F4XX/stm32f4xx_hal_rcc.o
                0x08000bd4                HAL_RCC_OscConfig
 .text.HAL_RCC_ClockConfig
                0x08000f18      0x16c ./system/src/STM32F4XX/stm32f4xx_hal_rcc.o
                0x08000f18                HAL_RCC_ClockConfig
 .text.HAL_RCC_GetSysClockFreq
                0x08001084       0x94 ./system/src/STM32F4XX/stm32f4xx_hal_rcc.o
                0x08001084                HAL_RCC_GetSysClockFreq
 .text.HAL_RCC_GetHCLKFreq
                0x08001118       0x34 ./system/src/STM32F4XX/stm32f4xx_hal_rcc.o
                0x08001118                HAL_RCC_GetHCLKFreq
 .text.HAL_RCC_GetPCLK1Freq
                0x0800114c       0x2c ./system/src/STM32F4XX/stm32f4xx_hal_rcc.o
                0x0800114c                HAL_RCC_GetPCLK1Freq
 .text.HAL_RCC_GetPCLK2Freq
                0x08001178       0x2c ./system/src/STM32F4XX/stm32f4xx_hal_rcc.o
                0x08001178                HAL_RCC_GetPCLK2Freq
 .text.HAL_RCC_GetClockConfig
                0x080011a4       0x3c ./system/src/STM32F4XX/stm32f4xx_hal_rcc.o
                0x080011a4                HAL_RCC_GetClockConfig
 .text.HAL_TIM_Base_MspInit
                0x080011e0        0x2 ./system/src/STM32F4XX/stm32f4xx_hal_tim.o
                0x080011e0                HAL_TIM_Base_MspInit
 .text.HAL_TIM_Base_Start_IT
                0x080011e2       0x18 ./system/src/STM32F4XX/stm32f4xx_hal_tim.o
                0x080011e2                HAL_TIM_Base_Start_IT
 .text.HAL_TIM_OC_DelayElapsedCallback
                0x080011fa        0x2 ./system/src/STM32F4XX/stm32f4xx_hal_tim.o
                0x080011fa                HAL_TIM_OC_DelayElapsedCallback
 .text.HAL_TIM_IC_CaptureCallback
                0x080011fc        0x2 ./system/src/STM32F4XX/stm32f4xx_hal_tim.o
                0x080011fc                HAL_TIM_IC_CaptureCallback
 .text.HAL_TIM_PWM_PulseFinishedCallback
                0x080011fe        0x2 ./system/src/STM32F4XX/stm32f4xx_hal_tim.o
                0x080011fe                HAL_TIM_PWM_PulseFinishedCallback
 .text.HAL_TIM_TriggerCallback
                0x08001200        0x2 ./system/src/STM32F4XX/stm32f4xx_hal_tim.o
                0x08001200                HAL_TIM_TriggerCallback
 .text.HAL_TIM_IRQHandler
                0x08001202      0x17a ./system/src/STM32F4XX/stm32f4xx_hal_tim.o
                0x08001202                HAL_TIM_IRQHandler
 .text.TIM_Base_SetConfig
                0x0800137c      0x11c ./system/src/STM32F4XX/stm32f4xx_hal_tim.o
                0x0800137c                TIM_Base_SetConfig
 .text.HAL_TIM_Base_Init
                0x08001498       0x32 ./system/src/STM32F4XX/stm32f4xx_hal_tim.o
                0x08001498                HAL_TIM_Base_Init
 .text.HAL_TIMEx_CommutationCallback
                0x080014ca        0x2 ./system/src/STM32F4XX/stm32f4xx_hal_tim_ex.o
                0x080014ca                HAL_TIMEx_CommutationCallback
 .text.HAL_TIMEx_BreakCallback
                0x080014cc        0x2 ./system/src/STM32F4XX/stm32f4xx_hal_tim_ex.o
                0x080014cc                HAL_TIMEx_BreakCallback
 *fill*         0x080014ce        0x2 
 .text.HAL_InitTick
                0x080014d0       0x88 ./system/src/STM32F4XX/stm32f4xx_hal_timebase_tim_template.o
                0x080014d0                HAL_InitTick
 .text.HAL_TIM_PeriodElapsedCallback
                0x08001558        0x8 ./system/src/STM32F4XX/stm32f4xx_hal_timebase_tim_template.o
                0x08001558                HAL_TIM_PeriodElapsedCallback
 .text.TIM6_DAC_IRQHandler
                0x08001560       0x10 ./system/src/STM32F4XX/stm32f4xx_hal_timebase_tim_template.o
                0x08001560                TIM6_DAC_IRQHandler
 .text.UART_Transmit_IT
                0x08001570       0x68 ./system/src/STM32F4XX/stm32f4xx_hal_uart.o
 .text.UART_SetConfig
                0x080015d8      0x344 ./system/src/STM32F4XX/stm32f4xx_hal_uart.o
 .text.UART_WaitOnFlagUntilTimeout
                0x0800191c       0xd8 ./system/src/STM32F4XX/stm32f4xx_hal_uart.o
 .text.HAL_UART_MspInit
                0x080019f4        0x2 ./system/src/STM32F4XX/stm32f4xx_hal_uart.o
                0x080019f4                HAL_UART_MspInit
 .text.HAL_UART_Init
                0x080019f6       0x5e ./system/src/STM32F4XX/stm32f4xx_hal_uart.o
                0x080019f6                HAL_UART_Init
 .text.HAL_UART_Transmit
                0x08001a54       0xc2 ./system/src/STM32F4XX/stm32f4xx_hal_uart.o
                0x08001a54                HAL_UART_Transmit
 .text.HAL_UART_Receive
                0x08001b16       0xc6 ./system/src/STM32F4XX/stm32f4xx_hal_uart.o
                0x08001b16                HAL_UART_Receive
 .text.UART_EndTransmit_IT
                0x08001bdc       0x1a ./system/src/STM32F4XX/stm32f4xx_hal_uart.o
 .text.UART_Receive_IT
                0x08001bf6       0x9c ./system/src/STM32F4XX/stm32f4xx_hal_uart.o
 .text.HAL_UART_IRQHandler
                0x08001c92      0x106 ./system/src/STM32F4XX/stm32f4xx_hal_uart.o
                0x08001c92                HAL_UART_IRQHandler
 .text.print_string
                0x08001d98       0x38 ./src/HAL_UART_out.o
                0x08001d98                print_string
 .text.STM32f4_UART_Init
                0x08001dd0       0xc0 ./src/HAL_UART_out.o
                0x08001dd0                STM32f4_UART_Init
 .text.DMA2_Stream5_IRQHandler
                0x08001e90       0x10 ./src/HAL_UART_out.o
                0x08001e90                DMA2_Stream5_IRQHandler
 .text.DMA2_Stream7_IRQHandler
                0x08001ea0       0x10 ./src/HAL_UART_out.o
                0x08001ea0                DMA2_Stream7_IRQHandler
 .text.USART1_IRQHandler
                0x08001eb0       0x10 ./src/HAL_UART_out.o
                0x08001eb0                USART1_IRQHandler
 .text.HAL_UART_TxCpltCallback
                0x08001ec0       0x14 ./src/HAL_UART_out.o
                0x08001ec0                HAL_UART_TxCpltCallback
 .text.HAL_UART_RxCpltCallback
                0x08001ed4       0x14 ./src/HAL_UART_out.o
                0x08001ed4                HAL_UART_RxCpltCallback
 .text.Error_Handler
                0x08001ee8       0x1c ./src/main.o
 .text.SystemClock_Config
                0x08001f04       0x98 ./src/main.o
 .text.main     0x08001f9c       0x58 ./src/main.o
                0x08001f9c                main
 .text.HAL_UART_ErrorCallback
                0x08001ff4        0xa ./src/main.o
                0x08001ff4                HAL_UART_ErrorCallback
 *fill*         0x08001ffe        0x2 
 .text.BSP_LED_Init
                0x08002000       0x78 ./src/stm32f429i_discovery.o
                0x08002000                BSP_LED_Init
 .text.BSP_LED_On
                0x08002078       0x20 ./src/stm32f429i_discovery.o
                0x08002078                BSP_LED_On
 .text.BSP_LED_Off
                0x08002098       0x20 ./src/stm32f429i_discovery.o
                0x08002098                BSP_LED_Off
 .text.BSP_LED_Toggle
                0x080020b8       0x1c ./src/stm32f429i_discovery.o
                0x080020b8                BSP_LED_Toggle
 .text.NMI_Handler
                0x080020d4        0x2 ./src/stm32f4xx_it.o
                0x080020d4                NMI_Handler
 .text.HardFault_Handler
                0x080020d6        0x2 ./src/stm32f4xx_it.o
                0x080020d6                HardFault_Handler
 .text.MemManage_Handler
                0x080020d8        0x2 ./src/stm32f4xx_it.o
                0x080020d8                MemManage_Handler
 .text.BusFault_Handler
                0x080020da        0x2 ./src/stm32f4xx_it.o
                0x080020da                BusFault_Handler
 .text.UsageFault_Handler
                0x080020dc        0x2 ./src/stm32f4xx_it.o
                0x080020dc                UsageFault_Handler
 .text.SVC_Handler
                0x080020de        0x2 ./src/stm32f4xx_it.o
                0x080020de                SVC_Handler
 .text.DebugMon_Handler
                0x080020e0        0x2 ./src/stm32f4xx_it.o
                0x080020e0                DebugMon_Handler
 .text.PendSV_Handler
                0x080020e2        0x2 ./src/stm32f4xx_it.o
                0x080020e2                PendSV_Handler
 .text.SysTick_Handler
                0x080020e4        0x8 ./src/stm32f4xx_it.o
                0x080020e4                SysTick_Handler
 .text.__errno  0x080020ec        0xc c:/program files (x86)/gnu tools arm embedded/6 2017-q2-update/bin/../lib/gcc/arm-none-eabi/6.3.1/../../../../arm-none-eabi/lib/thumb/v7e-m\libg_nano.a(lib_a-errno.o)
                0x080020ec                __errno
 .text.memcpy   0x080020f8       0x16 c:/program files (x86)/gnu tools arm embedded/6 2017-q2-update/bin/../lib/gcc/arm-none-eabi/6.3.1/../../../../arm-none-eabi/lib/thumb/v7e-m\libg_nano.a(lib_a-memcpy-stub.o)
                0x080020f8                memcpy
 *fill*         0x0800210e        0x2 
 .text.sprintf  0x08002110       0x48 c:/program files (x86)/gnu tools arm embedded/6 2017-q2-update/bin/../lib/gcc/arm-none-eabi/6.3.1/../../../../arm-none-eabi/lib/thumb/v7e-m\libg_nano.a(lib_a-sprintf.o)
                0x08002110                siprintf
                0x08002110                sprintf
 .text._vsnprintf_r
                0x08002158       0x58 c:/program files (x86)/gnu tools arm embedded/6 2017-q2-update/bin/../lib/gcc/arm-none-eabi/6.3.1/../../../../arm-none-eabi/lib/thumb/v7e-m\libg_nano.a(lib_a-vsnprintf.o)
                0x08002158                _vsniprintf_r
                0x08002158                _vsnprintf_r
 .text.vsnprintf
                0x080021b0       0x1c c:/program files (x86)/gnu tools arm embedded/6 2017-q2-update/bin/../lib/gcc/arm-none-eabi/6.3.1/../../../../arm-none-eabi/lib/thumb/v7e-m\libg_nano.a(lib_a-vsnprintf.o)
                0x080021b0                vsniprintf
                0x080021b0                vsnprintf
 .text.__ssputs_r
                0x080021cc       0xb6 c:/program files (x86)/gnu tools arm embedded/6 2017-q2-update/bin/../lib/gcc/arm-none-eabi/6.3.1/../../../../arm-none-eabi/lib/thumb/v7e-m\libg_nano.a(lib_a-nano-svfprintf.o)
                0x080021cc                __ssputs_r
 *fill*         0x08002282        0x2 
 .text._svfprintf_r
                0x08002284      0x1e8 c:/program files (x86)/gnu tools arm embedded/6 2017-q2-update/bin/../lib/gcc/arm-none-eabi/6.3.1/../../../../arm-none-eabi/lib/thumb/v7e-m\libg_nano.a(lib_a-nano-svfprintf.o)
                0x08002284                _svfiprintf_r
                0x08002284                _svfprintf_r
 .text._printf_common
                0x0800246c       0xec c:/program files (x86)/gnu tools arm embedded/6 2017-q2-update/bin/../lib/gcc/arm-none-eabi/6.3.1/../../../../arm-none-eabi/lib/thumb/v7e-m\libg_nano.a(lib_a-nano-vfprintf_i.o)
                0x0800246c                _printf_common
 .text._printf_i
                0x08002558      0x240 c:/program files (x86)/gnu tools arm embedded/6 2017-q2-update/bin/../lib/gcc/arm-none-eabi/6.3.1/../../../../arm-none-eabi/lib/thumb/v7e-m\libg_nano.a(lib_a-nano-vfprintf_i.o)
                0x08002558                _printf_i
 *fill*         0x08002798        0x8 
 .text          0x080027a0       0xa0 c:/program files (x86)/gnu tools arm embedded/6 2017-q2-update/bin/../lib/gcc/arm-none-eabi/6.3.1/../../../../arm-none-eabi/lib/thumb/v7e-m\libg_nano.a(lib_a-memchr.o)
                0x080027a0                memchr
 .text.memmove  0x08002840       0x34 c:/program files (x86)/gnu tools arm embedded/6 2017-q2-update/bin/../lib/gcc/arm-none-eabi/6.3.1/../../../../arm-none-eabi/lib/thumb/v7e-m\libg_nano.a(lib_a-memmove.o)
                0x08002840                memmove
 .text._free_r  0x08002874       0x9c c:/program files (x86)/gnu tools arm embedded/6 2017-q2-update/bin/../lib/gcc/arm-none-eabi/6.3.1/../../../../arm-none-eabi/lib/thumb/v7e-m\libg_nano.a(lib_a-nano-freer.o)
                0x08002874                _free_r
 .text._malloc_r
                0x08002910       0xbc c:/program files (x86)/gnu tools arm embedded/6 2017-q2-update/bin/../lib/gcc/arm-none-eabi/6.3.1/../../../../arm-none-eabi/lib/thumb/v7e-m\libg_nano.a(lib_a-nano-mallocr.o)
                0x08002910                _malloc_r
 .text._realloc_r
                0x080029cc       0x4c c:/program files (x86)/gnu tools arm embedded/6 2017-q2-update/bin/../lib/gcc/arm-none-eabi/6.3.1/../../../../arm-none-eabi/lib/thumb/v7e-m\libg_nano.a(lib_a-nano-reallocr.o)
                0x080029cc                _realloc_r
 .text._sbrk_r  0x08002a18       0x20 c:/program files (x86)/gnu tools arm embedded/6 2017-q2-update/bin/../lib/gcc/arm-none-eabi/6.3.1/../../../../arm-none-eabi/lib/thumb/v7e-m\libg_nano.a(lib_a-sbrkr.o)
                0x08002a18                _sbrk_r
 .text.__malloc_lock
                0x08002a38        0x2 c:/program files (x86)/gnu tools arm embedded/6 2017-q2-update/bin/../lib/gcc/arm-none-eabi/6.3.1/../../../../arm-none-eabi/lib/thumb/v7e-m\libg_nano.a(lib_a-mlock.o)
                0x08002a38                __malloc_lock
 .text.__malloc_unlock
                0x08002a3a        0x2 c:/program files (x86)/gnu tools arm embedded/6 2017-q2-update/bin/../lib/gcc/arm-none-eabi/6.3.1/../../../../arm-none-eabi/lib/thumb/v7e-m\libg_nano.a(lib_a-mlock.o)
                0x08002a3a                __malloc_unlock
 .text._malloc_usable_size_r
                0x08002a3c       0x12 c:/program files (x86)/gnu tools arm embedded/6 2017-q2-update/bin/../lib/gcc/arm-none-eabi/6.3.1/../../../../arm-none-eabi/lib/thumb/v7e-m\libg_nano.a(lib_a-nano-msizer.o)
                0x08002a3c                _malloc_usable_size_r
 *(.rodata .rodata.* .constdata .constdata.*)
 *fill*         0x08002a4e        0x2 
 .rodata.dumpExceptionStack.str1.4
                0x08002a50      0x11a ./system/src/cortexm/exception_handlers.o
 *fill*         0x08002b6a        0x2 
 .rodata.str1.4
                0x08002b6c       0x2a ./system/src/cortexm/exception_handlers.o
 *fill*         0x08002b96        0x2 
 .rodata.AHBPrescTable
                0x08002b98       0x10 ./system/src/cmsis/system_stm32f4xx.o
                0x08002b98                AHBPrescTable
 .rodata.APBAHBPrescTable
                0x08002ba8       0x10 ./system/src/STM32F4XX/stm32f4xx_hal_rcc.o
                0x08002ba8                APBAHBPrescTable
 .rodata.STM32f4_UART_Init.str1.4
                0x08002bb8        0xd ./src/HAL_UART_out.o
 *fill*         0x08002bc5        0x3 
 .rodata.print_string.str1.4
                0x08002bc8        0x3 ./src/HAL_UART_out.o
 *fill*         0x08002bcb        0x1 
 .rodata.main.str1.4
                0x08002bcc       0x10 ./src/main.o
 .rodata.GPIO_PIN
                0x08002bdc        0x4 ./src/stm32f429i_discovery.o
                0x08002bdc                GPIO_PIN
 .rodata._svfprintf_r.str1.1
                0x08002be0       0x11 c:/program files (x86)/gnu tools arm embedded/6 2017-q2-update/bin/../lib/gcc/arm-none-eabi/6.3.1/../../../../arm-none-eabi/lib/thumb/v7e-m\libg_nano.a(lib_a-nano-svfprintf.o)
 .rodata._printf_i.str1.1
                0x08002bf1       0x22 c:/program files (x86)/gnu tools arm embedded/6 2017-q2-update/bin/../lib/gcc/arm-none-eabi/6.3.1/../../../../arm-none-eabi/lib/thumb/v7e-m\libg_nano.a(lib_a-nano-vfprintf_i.o)
 *(vtable)
 *(.eh_frame*)
 *(.glue_7)
 .glue_7        0x08002c13        0x0 linker stubs
 *(.glue_7t)
 .glue_7t       0x08002c13        0x0 linker stubs

.vfp11_veneer   0x08002c14        0x0
 .vfp11_veneer  0x08002c14        0x0 linker stubs

.v4_bx          0x08002c14        0x0
 .v4_bx         0x08002c14        0x0 linker stubs

.iplt           0x08002c14        0x0
 .iplt          0x08002c14        0x0 ./system/src/newlib/_cxx.o

.rel.dyn        0x08002c14        0x0
 .rel.iplt      0x08002c14        0x0 ./system/src/newlib/_cxx.o

.ARM.extab
 *(.ARM.extab* .gnu.linkonce.armextab.*)
                0x08002c14                . = ALIGN (0x4)
                0x08002c14                __exidx_start = .

.ARM.exidx
 *(.ARM.exidx* .gnu.linkonce.armexidx.*)
                0x08002c14                __exidx_end = .
                0x08002c14                . = ALIGN (0x4)
                0x08002c14                _etext = .
                0x08002c14                __etext = .

.data_CCMRAM    0x10000000        0x0 load address 0x08002c14
 FILL mask 0xff
 *(.data.CCMRAM .data.CCMRAM.*)
                0x10000000                . = ALIGN (0x4)
                0x08002c14                _sidata = LOADADDR (.data)

.data           0x20000000       0x80 load address 0x08002c14
 FILL mask 0xff
                0x20000000                _sdata = .
                0x20000000                __data_start__ = .
 *(.data_begin .data_begin.*)
 .data_begin    0x20000000        0x4 ./system/src/newlib/_startup.o
 *(.data .data.*)
 .data.argv.4263
                0x20000004        0x8 ./system/src/newlib/_syscalls.o
 .data.SystemCoreClock
                0x2000000c        0x4 ./system/src/cmsis/system_stm32f4xx.o
                0x2000000c                SystemCoreClock
 .data.GPIO_PORT
                0x20000010        0x8 ./src/stm32f429i_discovery.o
                0x20000010                GPIO_PORT
 .data._impure_ptr
                0x20000018        0x4 c:/program files (x86)/gnu tools arm embedded/6 2017-q2-update/bin/../lib/gcc/arm-none-eabi/6.3.1/../../../../arm-none-eabi/lib/thumb/v7e-m\libg_nano.a(lib_a-impure.o)
                0x20000018                _impure_ptr
 .data.impure_data
                0x2000001c       0x60 c:/program files (x86)/gnu tools arm embedded/6 2017-q2-update/bin/../lib/gcc/arm-none-eabi/6.3.1/../../../../arm-none-eabi/lib/thumb/v7e-m\libg_nano.a(lib_a-impure.o)
 *(.data_end .data_end.*)
 .data_end      0x2000007c        0x4 ./system/src/newlib/_startup.o
                0x20000080                . = ALIGN (0x4)
                0x20000080                _edata = .
                0x20000080                __data_end__ = .

.igot.plt       0x20000080        0x0 load address 0x08002c94
 .igot.plt      0x20000080        0x0 ./system/src/newlib/_cxx.o

.bss_CCMRAM     0x10000000        0x0
 *(.bss.CCMRAM .bss.CCMRAM.*)

.bss            0x20000080      0x2bc
                0x20000080                __bss_start__ = .
                0x20000080                _sbss = .
 *(.bss_begin .bss_begin.*)
 .bss_begin     0x20000080        0x4 ./system/src/newlib/_startup.o
 *(.bss .bss.*)
 .bss.current_heap_end.3947
                0x20000084        0x4 ./system/src/newlib/_sbrk.o
 .bss.name.4262
                0x20000088        0x1 ./system/src/newlib/_syscalls.o
 *fill*         0x20000089        0x3 
 .bss.buf.5152  0x2000008c       0x80 ./system/src/diag/Trace.o
 .bss.UsartReady_0
                0x2000010c        0x1 ./src/HAL_UART_out.o
                0x2000010c                UsartReady_0
 .bss.UsartReady_Rx
                0x2000010d        0x1 ./src/HAL_UART_out.o
                0x2000010d                UsartReady_Rx
 *fill*         0x2000010e        0x2 
 .bss.__malloc_free_list
                0x20000110        0x4 c:/program files (x86)/gnu tools arm embedded/6 2017-q2-update/bin/../lib/gcc/arm-none-eabi/6.3.1/../../../../arm-none-eabi/lib/thumb/v7e-m\libg_nano.a(lib_a-nano-mallocr.o)
                0x20000110                __malloc_free_list
 .bss.__malloc_sbrk_start
                0x20000114        0x4 c:/program files (x86)/gnu tools arm embedded/6 2017-q2-update/bin/../lib/gcc/arm-none-eabi/6.3.1/../../../../arm-none-eabi/lib/thumb/v7e-m\libg_nano.a(lib_a-nano-mallocr.o)
                0x20000114                __malloc_sbrk_start
 *(COMMON)
 COMMON         0x20000118        0x4 ./system/src/newlib/_syscalls.o
                0x20000118                errno
 COMMON         0x2000011c        0x4 ./system/src/STM32F4XX/stm32f4xx_hal.o
                0x2000011c                uwTick
 COMMON         0x20000120       0x3c ./system/src/STM32F4XX/stm32f4xx_hal_timebase_tim_template.o
                0x20000120                TimHandle
 COMMON         0x2000015c      0x1cc ./src/HAL_UART_out.o
                0x2000015c                UsartTxBuffer_0
                0x20000288                UartHandle
                0x200002c8                UsartRxBuffer_0
 COMMON         0x20000328        0xf ./src/main.o
                0x20000328                aRxBuffer
 *(.bss_end .bss_end.*)
 *fill*         0x20000337        0x1 
 .bss_end       0x20000338        0x4 ./system/src/newlib/_startup.o
                0x2000033c                . = ALIGN (0x4)
                0x2000033c                __bss_end__ = .
                0x2000033c                _ebss = .

.noinit_CCMRAM
 *(.noinit.CCMRAM .noinit.CCMRAM.*)

.noinit         0x2000033c        0x0
                0x2000033c                _noinit = .
 *(.noinit .noinit.*)
                0x2000033c                . = ALIGN (0x4)
                0x2000033c                _end_noinit = .
                [!provide]                PROVIDE (end, _end_noinit)
                [!provide]                PROVIDE (_end, _end_noinit)
                [!provide]                PROVIDE (__end, _end_noinit)
                [!provide]                PROVIDE (__end__, _end_noinit)

._check_stack   0x2000033c      0x100
                0x2000043c                . = (. + _Minimum_Stack_Size)
 *fill*         0x2000033c      0x100 

.b1text
 *(.b1text)
 *(.b1rodata)
 *(.b1rodata.*)

.eb0text
 *(.eb0text)
 *(.eb0rodata)
 *(.eb0rodata.*)

.eb1text
 *(.eb1text)
 *(.eb1rodata)
 *(.eb1rodata.*)

.eb2text
 *(.eb2text)
 *(.eb2rodata)
 *(.eb2rodata.*)

.eb3text
 *(.eb3text)
 *(.eb3rodata)
 *(.eb3rodata.*)

.stab
 *(.stab)

.stabstr
 *(.stabstr)

.stab.excl
 *(.stab.excl)

.stab.exclstr
 *(.stab.exclstr)

.stab.index
 *(.stab.index)

.stab.indexstr
 *(.stab.indexstr)

.comment        0x00000000       0x7f
 *(.comment)
 .comment       0x00000000       0x7f ./system/src/newlib/_exit.o
                                 0x80 (size before relaxing)
 .comment       0x0000007f       0x80 ./system/src/newlib/_sbrk.o
 .comment       0x0000007f       0x80 ./system/src/newlib/_startup.o
 .comment       0x0000007f       0x80 ./system/src/newlib/_syscalls.o
 .comment       0x0000007f       0x80 ./system/src/diag/Trace.o
 .comment       0x0000007f       0x80 ./system/src/diag/trace_impl.o
 .comment       0x0000007f       0x80 ./system/src/cortexm/_initialize_hardware.o
 .comment       0x0000007f       0x80 ./system/src/cortexm/exception_handlers.o
 .comment       0x0000007f       0x80 ./system/src/cmsis/system_stm32f4xx.o
 .comment       0x0000007f       0x80 ./system/src/STM32F4XX/stm32f4xx_hal.o
 .comment       0x0000007f       0x80 ./system/src/STM32F4XX/stm32f4xx_hal_cortex.o
 .comment       0x0000007f       0x80 ./system/src/STM32F4XX/stm32f4xx_hal_dma.o
 .comment       0x0000007f       0x80 ./system/src/STM32F4XX/stm32f4xx_hal_gpio.o
 .comment       0x0000007f       0x80 ./system/src/STM32F4XX/stm32f4xx_hal_msp_template.o
 .comment       0x0000007f       0x80 ./system/src/STM32F4XX/stm32f4xx_hal_pwr_ex.o
 .comment       0x0000007f       0x80 ./system/src/STM32F4XX/stm32f4xx_hal_rcc.o
 .comment       0x0000007f       0x80 ./system/src/STM32F4XX/stm32f4xx_hal_tim.o
 .comment       0x0000007f       0x80 ./system/src/STM32F4XX/stm32f4xx_hal_tim_ex.o
 .comment       0x0000007f       0x80 ./system/src/STM32F4XX/stm32f4xx_hal_timebase_tim_template.o
 .comment       0x0000007f       0x80 ./system/src/STM32F4XX/stm32f4xx_hal_uart.o
 .comment       0x0000007f       0x80 ./src/HAL_UART_out.o
 .comment       0x0000007f       0x80 ./src/main.o
 .comment       0x0000007f       0x80 ./src/stm32f429i_discovery.o
 .comment       0x0000007f       0x80 ./src/stm32f4xx_it.o

.ARM.attributes
                0x00000000       0x31
 .ARM.attributes
                0x00000000       0x33 ./system/src/newlib/_exit.o
 .ARM.attributes
                0x00000033       0x33 ./system/src/newlib/_sbrk.o
 .ARM.attributes
                0x00000066       0x33 ./system/src/newlib/_startup.o
 .ARM.attributes
                0x00000099       0x33 ./system/src/newlib/_syscalls.o
 .ARM.attributes
                0x000000cc       0x33 ./system/src/diag/Trace.o
 .ARM.attributes
                0x000000ff       0x33 ./system/src/diag/trace_impl.o
 .ARM.attributes
                0x00000132       0x33 ./system/src/cortexm/_initialize_hardware.o
 .ARM.attributes
                0x00000165       0x33 ./system/src/cortexm/exception_handlers.o
 .ARM.attributes
                0x00000198       0x21 ./system/src/cmsis/startup_stm32f429xx.o
 .ARM.attributes
                0x000001b9       0x33 ./system/src/cmsis/system_stm32f4xx.o
 .ARM.attributes
                0x000001ec       0x33 ./system/src/STM32F4XX/stm32f4xx_hal.o
 .ARM.attributes
                0x0000021f       0x33 ./system/src/STM32F4XX/stm32f4xx_hal_cortex.o
 .ARM.attributes
                0x00000252       0x33 ./system/src/STM32F4XX/stm32f4xx_hal_dma.o
 .ARM.attributes
                0x00000285       0x33 ./system/src/STM32F4XX/stm32f4xx_hal_gpio.o
 .ARM.attributes
                0x000002b8       0x33 ./system/src/STM32F4XX/stm32f4xx_hal_msp_template.o
 .ARM.attributes
                0x000002eb       0x33 ./system/src/STM32F4XX/stm32f4xx_hal_pwr_ex.o
 .ARM.attributes
                0x0000031e       0x33 ./system/src/STM32F4XX/stm32f4xx_hal_rcc.o
 .ARM.attributes
                0x00000351       0x33 ./system/src/STM32F4XX/stm32f4xx_hal_tim.o
 .ARM.attributes
                0x00000384       0x33 ./system/src/STM32F4XX/stm32f4xx_hal_tim_ex.o
 .ARM.attributes
                0x000003b7       0x33 ./system/src/STM32F4XX/stm32f4xx_hal_timebase_tim_template.o
 .ARM.attributes
                0x000003ea       0x33 ./system/src/STM32F4XX/stm32f4xx_hal_uart.o
 .ARM.attributes
                0x0000041d       0x33 ./src/HAL_UART_out.o
 .ARM.attributes
                0x00000450       0x33 ./src/main.o
 .ARM.attributes
                0x00000483       0x33 ./src/stm32f429i_discovery.o
 .ARM.attributes
                0x000004b6       0x33 ./src/stm32f4xx_it.o
 .ARM.attributes
                0x000004e9       0x2e c:/program files (x86)/gnu tools arm embedded/6 2017-q2-update/bin/../lib/gcc/arm-none-eabi/6.3.1/../../../../arm-none-eabi/lib/thumb/v7e-m\libg_nano.a(lib_a-errno.o)
 .ARM.attributes
                0x00000517       0x2e c:/program files (x86)/gnu tools arm embedded/6 2017-q2-update/bin/../lib/gcc/arm-none-eabi/6.3.1/../../../../arm-none-eabi/lib/thumb/v7e-m\libg_nano.a(lib_a-impure.o)
 .ARM.attributes
                0x00000545       0x2e c:/program files (x86)/gnu tools arm embedded/6 2017-q2-update/bin/../lib/gcc/arm-none-eabi/6.3.1/../../../../arm-none-eabi/lib/thumb/v7e-m\libg_nano.a(lib_a-memcpy-stub.o)
 .ARM.attributes
                0x00000573       0x2e c:/program files (x86)/gnu tools arm embedded/6 2017-q2-update/bin/../lib/gcc/arm-none-eabi/6.3.1/../../../../arm-none-eabi/lib/thumb/v7e-m\libg_nano.a(lib_a-sprintf.o)
 .ARM.attributes
                0x000005a1       0x2e c:/program files (x86)/gnu tools arm embedded/6 2017-q2-update/bin/../lib/gcc/arm-none-eabi/6.3.1/../../../../arm-none-eabi/lib/thumb/v7e-m\libg_nano.a(lib_a-vsnprintf.o)
 .ARM.attributes
                0x000005cf       0x2e c:/program files (x86)/gnu tools arm embedded/6 2017-q2-update/bin/../lib/gcc/arm-none-eabi/6.3.1/../../../../arm-none-eabi/lib/thumb/v7e-m\libg_nano.a(lib_a-nano-svfprintf.o)
 .ARM.attributes
                0x000005fd       0x2e c:/program files (x86)/gnu tools arm embedded/6 2017-q2-update/bin/../lib/gcc/arm-none-eabi/6.3.1/../../../../arm-none-eabi/lib/thumb/v7e-m\libg_nano.a(lib_a-nano-vfprintf_i.o)
 .ARM.attributes
                0x0000062b       0x1c c:/program files (x86)/gnu tools arm embedded/6 2017-q2-update/bin/../lib/gcc/arm-none-eabi/6.3.1/../../../../arm-none-eabi/lib/thumb/v7e-m\libg_nano.a(lib_a-memchr.o)
 .ARM.attributes
                0x00000647       0x2e c:/program files (x86)/gnu tools arm embedded/6 2017-q2-update/bin/../lib/gcc/arm-none-eabi/6.3.1/../../../../arm-none-eabi/lib/thumb/v7e-m\libg_nano.a(lib_a-memmove.o)
 .ARM.attributes
                0x00000675       0x2e c:/program files (x86)/gnu tools arm embedded/6 2017-q2-update/bin/../lib/gcc/arm-none-eabi/6.3.1/../../../../arm-none-eabi/lib/thumb/v7e-m\libg_nano.a(lib_a-nano-freer.o)
 .ARM.attributes
                0x000006a3       0x2e c:/program files (x86)/gnu tools arm embedded/6 2017-q2-update/bin/../lib/gcc/arm-none-eabi/6.3.1/../../../../arm-none-eabi/lib/thumb/v7e-m\libg_nano.a(lib_a-nano-mallocr.o)
 .ARM.attributes
                0x000006d1       0x2e c:/program files (x86)/gnu tools arm embedded/6 2017-q2-update/bin/../lib/gcc/arm-none-eabi/6.3.1/../../../../arm-none-eabi/lib/thumb/v7e-m\libg_nano.a(lib_a-nano-reallocr.o)
 .ARM.attributes
                0x000006ff       0x2e c:/program files (x86)/gnu tools arm embedded/6 2017-q2-update/bin/../lib/gcc/arm-none-eabi/6.3.1/../../../../arm-none-eabi/lib/thumb/v7e-m\libg_nano.a(lib_a-sbrkr.o)
 .ARM.attributes
                0x0000072d       0x2e c:/program files (x86)/gnu tools arm embedded/6 2017-q2-update/bin/../lib/gcc/arm-none-eabi/6.3.1/../../../../arm-none-eabi/lib/thumb/v7e-m\libg_nano.a(lib_a-mlock.o)
 .ARM.attributes
                0x0000075b       0x2e c:/program files (x86)/gnu tools arm embedded/6 2017-q2-update/bin/../lib/gcc/arm-none-eabi/6.3.1/../../../../arm-none-eabi/lib/thumb/v7e-m\libg_nano.a(lib_a-nano-msizer.o)

.debug
 *(.debug)

.line
 *(.line)

.debug_srcinfo
 *(.debug_srcinfo)

.debug_sfnames
 *(.debug_sfnames)

.debug_aranges  0x00000000      0xe48
 *(.debug_aranges)
 .debug_aranges
                0x00000000       0x28 ./system/src/newlib/_exit.o
 .debug_aranges
                0x00000028       0x20 ./system/src/newlib/_sbrk.o
 .debug_aranges
                0x00000048       0x40 ./system/src/newlib/_startup.o
 .debug_aranges
                0x00000088       0x30 ./system/src/newlib/_syscalls.o
 .debug_aranges
                0x000000b8       0x38 ./system/src/diag/Trace.o
 .debug_aranges
                0x000000f0       0x28 ./system/src/diag/trace_impl.o
 .debug_aranges
                0x00000118       0x28 ./system/src/cortexm/_initialize_hardware.o
 .debug_aranges
                0x00000140       0x88 ./system/src/cortexm/exception_handlers.o
 .debug_aranges
                0x000001c8       0x28 ./system/src/cmsis/startup_stm32f429xx.o
 .debug_aranges
                0x000001f0       0x28 ./system/src/cmsis/system_stm32f4xx.o
 .debug_aranges
                0x00000218       0xd0 ./system/src/STM32F4XX/stm32f4xx_hal.o
 .debug_aranges
                0x000002e8       0x98 ./system/src/STM32F4XX/stm32f4xx_hal_cortex.o
 .debug_aranges
                0x00000380       0x70 ./system/src/STM32F4XX/stm32f4xx_hal_dma.o
 .debug_aranges
                0x000003f0       0x58 ./system/src/STM32F4XX/stm32f4xx_hal_gpio.o
 .debug_aranges
                0x00000448       0x38 ./system/src/STM32F4XX/stm32f4xx_hal_msp_template.o
 .debug_aranges
                0x00000480       0x60 ./system/src/STM32F4XX/stm32f4xx_hal_pwr_ex.o
 .debug_aranges
                0x000004e0       0x88 ./system/src/STM32F4XX/stm32f4xx_hal_rcc.o
 .debug_aranges
                0x00000568      0x368 ./system/src/STM32F4XX/stm32f4xx_hal_tim.o
 .debug_aranges
                0x000008d0      0x140 ./system/src/STM32F4XX/stm32f4xx_hal_tim_ex.o
 .debug_aranges
                0x00000a10       0x40 ./system/src/STM32F4XX/stm32f4xx_hal_timebase_tim_template.o
 .debug_aranges
                0x00000a50      0x150 ./system/src/STM32F4XX/stm32f4xx_hal_uart.o
 .debug_aranges
                0x00000ba0       0xd0 ./src/HAL_UART_out.o
 .debug_aranges
                0x00000c70       0x40 ./src/main.o
 .debug_aranges
                0x00000cb0      0x138 ./src/stm32f429i_discovery.o
 .debug_aranges
                0x00000de8       0x60 ./src/stm32f4xx_it.o

.debug_pubnames
 *(.debug_pubnames)

.debug_info     0x00000000    0x1ae1f
 *(.debug_info .gnu.linkonce.wi.*)
 .debug_info    0x00000000      0x95d ./system/src/newlib/_exit.o
 .debug_info    0x0000095d      0x949 ./system/src/newlib/_sbrk.o
 .debug_info    0x000012a6      0x434 ./system/src/newlib/_startup.o
 .debug_info    0x000016da      0xa20 ./system/src/newlib/_syscalls.o
 .debug_info    0x000020fa      0xb31 ./system/src/diag/Trace.o
 .debug_info    0x00002c2b      0x178 ./system/src/diag/trace_impl.o
 .debug_info    0x00002da3      0x2bc ./system/src/cortexm/_initialize_hardware.o
 .debug_info    0x0000305f     0x1025 ./system/src/cortexm/exception_handlers.o
 .debug_info    0x00004084       0x99 ./system/src/cmsis/startup_stm32f429xx.o
 .debug_info    0x0000411d      0x4cc ./system/src/cmsis/system_stm32f4xx.o
 .debug_info    0x000045e9     0x11d9 ./system/src/STM32F4XX/stm32f4xx_hal.o
 .debug_info    0x000057c2     0x16aa ./system/src/STM32F4XX/stm32f4xx_hal_cortex.o
 .debug_info    0x00006e6c     0x1004 ./system/src/STM32F4XX/stm32f4xx_hal_dma.o
 .debug_info    0x00007e70      0xf40 ./system/src/STM32F4XX/stm32f4xx_hal_gpio.o
 .debug_info    0x00008db0      0x916 ./system/src/STM32F4XX/stm32f4xx_hal_msp_template.o
 .debug_info    0x000096c6     0x1163 ./system/src/STM32F4XX/stm32f4xx_hal_pwr_ex.o
 .debug_info    0x0000a829     0x14d9 ./system/src/STM32F4XX/stm32f4xx_hal_rcc.o
 .debug_info    0x0000bd02     0x360f ./system/src/STM32F4XX/stm32f4xx_hal_tim.o
 .debug_info    0x0000f311     0x1aa2 ./system/src/STM32F4XX/stm32f4xx_hal_tim_ex.o
 .debug_info    0x00010db3     0x1435 ./system/src/STM32F4XX/stm32f4xx_hal_timebase_tim_template.o
 .debug_info    0x000121e8     0x1a00 ./system/src/STM32F4XX/stm32f4xx_hal_uart.o
 .debug_info    0x00013be8     0x26e5 ./src/HAL_UART_out.o
 .debug_info    0x000162cd     0x1556 ./src/main.o
 .debug_info    0x00017823     0x2811 ./src/stm32f429i_discovery.o
 .debug_info    0x0001a034      0xdeb ./src/stm32f4xx_it.o

.debug_abbrev   0x00000000     0x3b8c
 *(.debug_abbrev)
 .debug_abbrev  0x00000000      0x1f3 ./system/src/newlib/_exit.o
 .debug_abbrev  0x000001f3      0x1fc ./system/src/newlib/_sbrk.o
 .debug_abbrev  0x000003ef      0x1c4 ./system/src/newlib/_startup.o
 .debug_abbrev  0x000005b3      0x234 ./system/src/newlib/_syscalls.o
 .debug_abbrev  0x000007e7      0x276 ./system/src/diag/Trace.o
 .debug_abbrev  0x00000a5d       0xc5 ./system/src/diag/trace_impl.o
 .debug_abbrev  0x00000b22       0xea ./system/src/cortexm/_initialize_hardware.o
 .debug_abbrev  0x00000c0c      0x2b4 ./system/src/cortexm/exception_handlers.o
 .debug_abbrev  0x00000ec0       0x12 ./system/src/cmsis/startup_stm32f429xx.o
 .debug_abbrev  0x00000ed2      0x122 ./system/src/cmsis/system_stm32f4xx.o
 .debug_abbrev  0x00000ff4      0x329 ./system/src/STM32F4XX/stm32f4xx_hal.o
 .debug_abbrev  0x0000131d      0x3d4 ./system/src/STM32F4XX/stm32f4xx_hal_cortex.o
 .debug_abbrev  0x000016f1      0x2fd ./system/src/STM32F4XX/stm32f4xx_hal_dma.o
 .debug_abbrev  0x000019ee      0x2a5 ./system/src/STM32F4XX/stm32f4xx_hal_gpio.o
 .debug_abbrev  0x00001c93      0x1b1 ./system/src/STM32F4XX/stm32f4xx_hal_msp_template.o
 .debug_abbrev  0x00001e44      0x32d ./system/src/STM32F4XX/stm32f4xx_hal_pwr_ex.o
 .debug_abbrev  0x00002171      0x367 ./system/src/STM32F4XX/stm32f4xx_hal_rcc.o
 .debug_abbrev  0x000024d8      0x2dc ./system/src/STM32F4XX/stm32f4xx_hal_tim.o
 .debug_abbrev  0x000027b4      0x2dc ./system/src/STM32F4XX/stm32f4xx_hal_tim_ex.o
 .debug_abbrev  0x00002a90      0x2c0 ./system/src/STM32F4XX/stm32f4xx_hal_timebase_tim_template.o
 .debug_abbrev  0x00002d50      0x30c ./system/src/STM32F4XX/stm32f4xx_hal_uart.o
 .debug_abbrev  0x0000305c      0x324 ./src/HAL_UART_out.o
 .debug_abbrev  0x00003380      0x2d2 ./src/main.o
 .debug_abbrev  0x00003652      0x32c ./src/stm32f429i_discovery.o
 .debug_abbrev  0x0000397e      0x20e ./src/stm32f4xx_it.o

.debug_line     0x00000000     0xb126
 *(.debug_line)
 .debug_line    0x00000000      0x367 ./system/src/newlib/_exit.o
 .debug_line    0x00000367      0x31c ./system/src/newlib/_sbrk.o
 .debug_line    0x00000683      0x3d6 ./system/src/newlib/_startup.o
 .debug_line    0x00000a59      0x43a ./system/src/newlib/_syscalls.o
 .debug_line    0x00000e93      0x3d3 ./system/src/diag/Trace.o
 .debug_line    0x00001266      0x409 ./system/src/diag/trace_impl.o
 .debug_line    0x0000166f      0x19f ./system/src/cortexm/_initialize_hardware.o
 .debug_line    0x0000180e      0x4f7 ./system/src/cortexm/exception_handlers.o
 .debug_line    0x00001d05       0x88 ./system/src/cmsis/startup_stm32f429xx.o
 .debug_line    0x00001d8d      0x1a7 ./system/src/cmsis/system_stm32f4xx.o
 .debug_line    0x00001f34      0x800 ./system/src/STM32F4XX/stm32f4xx_hal.o
 .debug_line    0x00002734      0x816 ./system/src/STM32F4XX/stm32f4xx_hal_cortex.o
 .debug_line    0x00002f4a      0x831 ./system/src/STM32F4XX/stm32f4xx_hal_dma.o
 .debug_line    0x0000377b      0x7d8 ./system/src/STM32F4XX/stm32f4xx_hal_gpio.o
 .debug_line    0x00003f53      0x686 ./system/src/STM32F4XX/stm32f4xx_hal_msp_template.o
 .debug_line    0x000045d9      0x789 ./system/src/STM32F4XX/stm32f4xx_hal_pwr_ex.o
 .debug_line    0x00004d62      0x910 ./system/src/STM32F4XX/stm32f4xx_hal_rcc.o
 .debug_line    0x00005672     0x1761 ./system/src/STM32F4XX/stm32f4xx_hal_tim.o
 .debug_line    0x00006dd3      0xc1a ./system/src/STM32F4XX/stm32f4xx_hal_tim_ex.o
 .debug_line    0x000079ed      0x6b9 ./system/src/STM32F4XX/stm32f4xx_hal_timebase_tim_template.o
 .debug_line    0x000080a6      0xd34 ./system/src/STM32F4XX/stm32f4xx_hal_uart.o
 .debug_line    0x00008dda      0xbf0 ./src/HAL_UART_out.o
 .debug_line    0x000099ca      0x6db ./src/main.o
 .debug_line    0x0000a0a5      0x992 ./src/stm32f429i_discovery.o
 .debug_line    0x0000aa37      0x6ef ./src/stm32f4xx_it.o

.debug_frame    0x00000000     0x27a0
 *(.debug_frame)
 .debug_frame   0x00000000       0x38 ./system/src/newlib/_exit.o
 .debug_frame   0x00000038       0x28 ./system/src/newlib/_sbrk.o
 .debug_frame   0x00000060       0x7c ./system/src/newlib/_startup.o
 .debug_frame   0x000000dc       0x50 ./system/src/newlib/_syscalls.o
 .debug_frame   0x0000012c       0x94 ./system/src/diag/Trace.o
 .debug_frame   0x000001c0       0x30 ./system/src/diag/trace_impl.o
 .debug_frame   0x000001f0       0x40 ./system/src/cortexm/_initialize_hardware.o
 .debug_frame   0x00000230      0x144 ./system/src/cortexm/exception_handlers.o
 .debug_frame   0x00000374       0x30 ./system/src/cmsis/system_stm32f4xx.o
 .debug_frame   0x000003a4      0x1a8 ./system/src/STM32F4XX/stm32f4xx_hal.o
 .debug_frame   0x0000054c      0x13c ./system/src/STM32F4XX/stm32f4xx_hal_cortex.o
 .debug_frame   0x00000688      0x148 ./system/src/STM32F4XX/stm32f4xx_hal_dma.o
 .debug_frame   0x000007d0       0xd0 ./system/src/STM32F4XX/stm32f4xx_hal_gpio.o
 .debug_frame   0x000008a0       0x50 ./system/src/STM32F4XX/stm32f4xx_hal_msp_template.o
 .debug_frame   0x000008f0       0xf8 ./system/src/STM32F4XX/stm32f4xx_hal_pwr_ex.o
 .debug_frame   0x000009e8      0x144 ./system/src/STM32F4XX/stm32f4xx_hal_rcc.o
 .debug_frame   0x00000b2c      0x9e0 ./system/src/STM32F4XX/stm32f4xx_hal_tim.o
 .debug_frame   0x0000150c      0x390 ./system/src/STM32F4XX/stm32f4xx_hal_tim_ex.o
 .debug_frame   0x0000189c       0x80 ./system/src/STM32F4XX/stm32f4xx_hal_timebase_tim_template.o
 .debug_frame   0x0000191c      0x37c ./system/src/STM32F4XX/stm32f4xx_hal_uart.o
 .debug_frame   0x00001c98      0x290 ./src/HAL_UART_out.o
 .debug_frame   0x00001f28       0x94 ./src/main.o
 .debug_frame   0x00001fbc      0x404 ./src/stm32f429i_discovery.o
 .debug_frame   0x000023c0       0xa8 ./src/stm32f4xx_it.o
 .debug_frame   0x00002468       0x20 c:/program files (x86)/gnu tools arm embedded/6 2017-q2-update/bin/../lib/gcc/arm-none-eabi/6.3.1/../../../../arm-none-eabi/lib/thumb/v7e-m\libg_nano.a(lib_a-errno.o)
 .debug_frame   0x00002488       0x28 c:/program files (x86)/gnu tools arm embedded/6 2017-q2-update/bin/../lib/gcc/arm-none-eabi/6.3.1/../../../../arm-none-eabi/lib/thumb/v7e-m\libg_nano.a(lib_a-memcpy-stub.o)
 .debug_frame   0x000024b0       0x70 c:/program files (x86)/gnu tools arm embedded/6 2017-q2-update/bin/../lib/gcc/arm-none-eabi/6.3.1/../../../../arm-none-eabi/lib/thumb/v7e-m\libg_nano.a(lib_a-sprintf.o)
 .debug_frame   0x00002520       0x4c c:/program files (x86)/gnu tools arm embedded/6 2017-q2-update/bin/../lib/gcc/arm-none-eabi/6.3.1/../../../../arm-none-eabi/lib/thumb/v7e-m\libg_nano.a(lib_a-vsnprintf.o)
 .debug_frame   0x0000256c       0x90 c:/program files (x86)/gnu tools arm embedded/6 2017-q2-update/bin/../lib/gcc/arm-none-eabi/6.3.1/../../../../arm-none-eabi/lib/thumb/v7e-m\libg_nano.a(lib_a-nano-svfprintf.o)
 .debug_frame   0x000025fc       0x60 c:/program files (x86)/gnu tools arm embedded/6 2017-q2-update/bin/../lib/gcc/arm-none-eabi/6.3.1/../../../../arm-none-eabi/lib/thumb/v7e-m\libg_nano.a(lib_a-nano-vfprintf_i.o)
 .debug_frame   0x0000265c       0x28 c:/program files (x86)/gnu tools arm embedded/6 2017-q2-update/bin/../lib/gcc/arm-none-eabi/6.3.1/../../../../arm-none-eabi/lib/thumb/v7e-m\libg_nano.a(lib_a-memmove.o)
 .debug_frame   0x00002684       0x38 c:/program files (x86)/gnu tools arm embedded/6 2017-q2-update/bin/../lib/gcc/arm-none-eabi/6.3.1/../../../../arm-none-eabi/lib/thumb/v7e-m\libg_nano.a(lib_a-nano-freer.o)
 .debug_frame   0x000026bc       0x2c c:/program files (x86)/gnu tools arm embedded/6 2017-q2-update/bin/../lib/gcc/arm-none-eabi/6.3.1/../../../../arm-none-eabi/lib/thumb/v7e-m\libg_nano.a(lib_a-nano-mallocr.o)
 .debug_frame   0x000026e8       0x3c c:/program files (x86)/gnu tools arm embedded/6 2017-q2-update/bin/../lib/gcc/arm-none-eabi/6.3.1/../../../../arm-none-eabi/lib/thumb/v7e-m\libg_nano.a(lib_a-nano-reallocr.o)
 .debug_frame   0x00002724       0x2c c:/program files (x86)/gnu tools arm embedded/6 2017-q2-update/bin/../lib/gcc/arm-none-eabi/6.3.1/../../../../arm-none-eabi/lib/thumb/v7e-m\libg_nano.a(lib_a-sbrkr.o)
 .debug_frame   0x00002750       0x30 c:/program files (x86)/gnu tools arm embedded/6 2017-q2-update/bin/../lib/gcc/arm-none-eabi/6.3.1/../../../../arm-none-eabi/lib/thumb/v7e-m\libg_nano.a(lib_a-mlock.o)
 .debug_frame   0x00002780       0x20 c:/program files (x86)/gnu tools arm embedded/6 2017-q2-update/bin/../lib/gcc/arm-none-eabi/6.3.1/../../../../arm-none-eabi/lib/thumb/v7e-m\libg_nano.a(lib_a-nano-msizer.o)

.debug_str      0x00000000    0x8e878
 *(.debug_str)
 .debug_str     0x00000000     0x7342 ./system/src/newlib/_exit.o
                               0x750d (size before relaxing)
 .debug_str     0x00007342      0x4f5 ./system/src/newlib/_sbrk.o
                               0x68bf (size before relaxing)
 .debug_str     0x00007837      0xbb4 ./system/src/newlib/_startup.o
                               0x6081 (size before relaxing)
 .debug_str     0x000083eb      0xe28 ./system/src/newlib/_syscalls.o
                               0x7737 (size before relaxing)
 .debug_str     0x00009213      0x890 ./system/src/diag/Trace.o
                               0x7cef (size before relaxing)
 .debug_str     0x00009aa3    0x41a12 ./system/src/diag/trace_impl.o
                              0x48845 (size before relaxing)
 .debug_str     0x0004b4b5       0xbc ./system/src/cortexm/_initialize_hardware.o
                              0x44b02 (size before relaxing)
 .debug_str     0x0004b571      0x1e5 ./system/src/cortexm/exception_handlers.o
                              0x49a75 (size before relaxing)
 .debug_str     0x0004b756      0x195 ./system/src/cmsis/system_stm32f4xx.o
                              0x44c30 (size before relaxing)
 .debug_str     0x0004b8eb    0x3e733 ./system/src/STM32F4XX/stm32f4xx_hal.o
                              0x879aa (size before relaxing)
 .debug_str     0x0008a01e      0x31e ./system/src/STM32F4XX/stm32f4xx_hal_cortex.o
                              0x877ad (size before relaxing)
 .debug_str     0x0008a33c      0x43c ./system/src/STM32F4XX/stm32f4xx_hal_dma.o
                              0x871f0 (size before relaxing)
 .debug_str     0x0008a778      0x2d0 ./system/src/STM32F4XX/stm32f4xx_hal_gpio.o
                              0x8717b (size before relaxing)
 .debug_str     0x0008aa48       0x57 ./system/src/STM32F4XX/stm32f4xx_hal_msp_template.o
                              0x86d89 (size before relaxing)
 .debug_str     0x0008aa9f      0x141 ./system/src/STM32F4XX/stm32f4xx_hal_pwr_ex.o
                              0x870f6 (size before relaxing)
 .debug_str     0x0008abe0      0x365 ./system/src/STM32F4XX/stm32f4xx_hal_rcc.o
                              0x87309 (size before relaxing)
 .debug_str     0x0008af45      0xe72 ./system/src/STM32F4XX/stm32f4xx_hal_tim.o
                              0x87f69 (size before relaxing)
 .debug_str     0x0008bdb7      0x4e0 ./system/src/STM32F4XX/stm32f4xx_hal_tim_ex.o
                              0x87821 (size before relaxing)
 .debug_str     0x0008c297       0x92 ./system/src/STM32F4XX/stm32f4xx_hal_timebase_tim_template.o
                              0x87a0f (size before relaxing)
 .debug_str     0x0008c329      0x510 ./system/src/STM32F4XX/stm32f4xx_hal_uart.o
                              0x875e2 (size before relaxing)
 .debug_str     0x0008c839     0x1574 ./src/HAL_UART_out.o
                              0x88f2b (size before relaxing)
 .debug_str     0x0008ddad      0x1e1 ./src/main.o
                              0x88976 (size before relaxing)
 .debug_str     0x0008df8e      0x8c2 ./src/stm32f429i_discovery.o
                              0x89027 (size before relaxing)
 .debug_str     0x0008e850       0x28 ./src/stm32f4xx_it.o
                              0x88382 (size before relaxing)

.debug_loc      0x00000000     0x8787
 *(.debug_loc)
 .debug_loc     0x00000000       0x85 ./system/src/newlib/_sbrk.o
 .debug_loc     0x00000085      0x19e ./system/src/newlib/_startup.o
 .debug_loc     0x00000223       0x63 ./system/src/newlib/_syscalls.o
 .debug_loc     0x00000286       0xf6 ./system/src/diag/Trace.o
 .debug_loc     0x0000037c       0x21 ./system/src/diag/trace_impl.o
 .debug_loc     0x0000039d      0x15a ./system/src/cortexm/exception_handlers.o
 .debug_loc     0x000004f7      0x13e ./system/src/cmsis/system_stm32f4xx.o
 .debug_loc     0x00000635       0xbe ./system/src/STM32F4XX/stm32f4xx_hal.o
 .debug_loc     0x000006f3      0x5ad ./system/src/STM32F4XX/stm32f4xx_hal_cortex.o
 .debug_loc     0x00000ca0      0x521 ./system/src/STM32F4XX/stm32f4xx_hal_dma.o
 .debug_loc     0x000011c1      0x3fd ./system/src/STM32F4XX/stm32f4xx_hal_gpio.o
 .debug_loc     0x000015be      0x23a ./system/src/STM32F4XX/stm32f4xx_hal_pwr_ex.o
 .debug_loc     0x000017f8      0x53b ./system/src/STM32F4XX/stm32f4xx_hal_rcc.o
 .debug_loc     0x00001d33     0x34bc ./system/src/STM32F4XX/stm32f4xx_hal_tim.o
 .debug_loc     0x000051ef      0xc5f ./system/src/STM32F4XX/stm32f4xx_hal_tim_ex.o
 .debug_loc     0x00005e4e       0xcf ./system/src/STM32F4XX/stm32f4xx_hal_timebase_tim_template.o
 .debug_loc     0x00005f1d     0x1079 ./system/src/STM32F4XX/stm32f4xx_hal_uart.o
 .debug_loc     0x00006f96      0xf62 ./src/HAL_UART_out.o
 .debug_loc     0x00007ef8       0x21 ./src/main.o
 .debug_loc     0x00007f19      0x86e ./src/stm32f429i_discovery.o

.debug_macinfo
 *(.debug_macinfo)

.debug_weaknames
 *(.debug_weaknames)

.debug_funcnames
 *(.debug_funcnames)

.debug_typenames
 *(.debug_typenames)

.debug_varnames
 *(.debug_varnames)
OUTPUT(Sample04_UART_stm322f429I_-DISCOVERY.elf elf32-littlearm)

.debug_ranges   0x00000000      0xd68
 .debug_ranges  0x00000000       0x18 ./system/src/newlib/_exit.o
 .debug_ranges  0x00000018       0x10 ./system/src/newlib/_sbrk.o
 .debug_ranges  0x00000028       0x78 ./system/src/newlib/_startup.o
 .debug_ranges  0x000000a0       0x20 ./system/src/newlib/_syscalls.o
 .debug_ranges  0x000000c0       0x28 ./system/src/diag/Trace.o
 .debug_ranges  0x000000e8       0x18 ./system/src/diag/trace_impl.o
 .debug_ranges  0x00000100       0x18 ./system/src/cortexm/_initialize_hardware.o
 .debug_ranges  0x00000118       0x78 ./system/src/cortexm/exception_handlers.o
 .debug_ranges  0x00000190       0x20 ./system/src/cmsis/startup_stm32f429xx.o
 .debug_ranges  0x000001b0       0x18 ./system/src/cmsis/system_stm32f4xx.o
 .debug_ranges  0x000001c8       0xc0 ./system/src/STM32F4XX/stm32f4xx_hal.o
 .debug_ranges  0x00000288       0xe8 ./system/src/STM32F4XX/stm32f4xx_hal_cortex.o
 .debug_ranges  0x00000370       0x60 ./system/src/STM32F4XX/stm32f4xx_hal_dma.o
 .debug_ranges  0x000003d0       0x48 ./system/src/STM32F4XX/stm32f4xx_hal_gpio.o
 .debug_ranges  0x00000418       0x28 ./system/src/STM32F4XX/stm32f4xx_hal_msp_template.o
 .debug_ranges  0x00000440       0x50 ./system/src/STM32F4XX/stm32f4xx_hal_pwr_ex.o
 .debug_ranges  0x00000490       0x78 ./system/src/STM32F4XX/stm32f4xx_hal_rcc.o
 .debug_ranges  0x00000508      0x358 ./system/src/STM32F4XX/stm32f4xx_hal_tim.o
 .debug_ranges  0x00000860      0x130 ./system/src/STM32F4XX/stm32f4xx_hal_tim_ex.o
 .debug_ranges  0x00000990       0x30 ./system/src/STM32F4XX/stm32f4xx_hal_timebase_tim_template.o
 .debug_ranges  0x000009c0      0x140 ./system/src/STM32F4XX/stm32f4xx_hal_uart.o
 .debug_ranges  0x00000b00       0xc0 ./src/HAL_UART_out.o
 .debug_ranges  0x00000bc0       0x30 ./src/main.o
 .debug_ranges  0x00000bf0      0x128 ./src/stm32f429i_discovery.o
 .debug_ranges  0x00000d18       0x50 ./src/stm32f4xx_it.o

.debug_macro    0x00000000    0x1828f
 .debug_macro   0x00000000      0x1a7 ./system/src/newlib/_exit.o
 .debug_macro   0x000001a7      0x8b0 ./system/src/newlib/_exit.o
 .debug_macro   0x00000a57       0x9c ./system/src/newlib/_exit.o
 .debug_macro   0x00000af3      0x10e ./system/src/newlib/_exit.o
 .debug_macro   0x00000c01       0x8d ./system/src/newlib/_exit.o
 .debug_macro   0x00000c8e       0x43 ./system/src/newlib/_exit.o
 .debug_macro   0x00000cd1      0x330 ./system/src/newlib/_exit.o
 .debug_macro   0x00001001       0x35 ./system/src/newlib/_exit.o
 .debug_macro   0x00001036      0x15c ./system/src/newlib/_sbrk.o
 .debug_macro   0x00001192      0x174 ./system/src/newlib/_sbrk.o
 .debug_macro   0x00001306       0x10 ./system/src/newlib/_sbrk.o
 .debug_macro   0x00001316      0x23b ./system/src/newlib/_sbrk.o
 .debug_macro   0x00001551      0x166 ./system/src/newlib/_startup.o
 .debug_macro   0x000016b7      0x34e ./system/src/newlib/_startup.o
 .debug_macro   0x00001a05      0x20a ./system/src/newlib/_syscalls.o
 .debug_macro   0x00001c0f       0x1c ./system/src/newlib/_syscalls.o
 .debug_macro   0x00001c2b       0x10 ./system/src/newlib/_syscalls.o
 .debug_macro   0x00001c3b       0x10 ./system/src/newlib/_syscalls.o
 .debug_macro   0x00001c4b       0x10 ./system/src/newlib/_syscalls.o
 .debug_macro   0x00001c5b       0x35 ./system/src/newlib/_syscalls.o
 .debug_macro   0x00001c90      0x122 ./system/src/newlib/_syscalls.o
 .debug_macro   0x00001db2       0x88 ./system/src/newlib/_syscalls.o
 .debug_macro   0x00001e3a       0x2b ./system/src/newlib/_syscalls.o
 .debug_macro   0x00001e65      0x118 ./system/src/newlib/_syscalls.o
 .debug_macro   0x00001f7d      0x159 ./system/src/newlib/_syscalls.o
 .debug_macro   0x000020d6       0x16 ./system/src/newlib/_syscalls.o
 .debug_macro   0x000020ec      0x1e4 ./system/src/diag/Trace.o
 .debug_macro   0x000022d0       0x16 ./system/src/diag/Trace.o
 .debug_macro   0x000022e6       0x97 ./system/src/diag/Trace.o
 .debug_macro   0x0000237d       0xfd ./system/src/diag/Trace.o
 .debug_macro   0x0000247a       0x10 ./system/src/diag/Trace.o
 .debug_macro   0x0000248a       0x16 ./system/src/diag/Trace.o
 .debug_macro   0x000024a0      0x18b ./system/src/diag/Trace.o
 .debug_macro   0x0000262b       0x4c ./system/src/diag/Trace.o
 .debug_macro   0x00002677       0x16 ./system/src/diag/Trace.o
 .debug_macro   0x0000268d      0x1e6 ./system/src/diag/trace_impl.o
 .debug_macro   0x00002873       0x2e ./system/src/diag/trace_impl.o
 .debug_macro   0x000028a1       0x28 ./system/src/diag/trace_impl.o
 .debug_macro   0x000028c9       0x35 ./system/src/diag/trace_impl.o
 .debug_macro   0x000028fe       0x50 ./system/src/diag/trace_impl.o
 .debug_macro   0x0000294e      0xe66 ./system/src/diag/trace_impl.o
 .debug_macro   0x000037b4     0xa24d ./system/src/diag/trace_impl.o
 .debug_macro   0x0000da01       0x43 ./system/src/diag/trace_impl.o
 .debug_macro   0x0000da44       0x10 ./system/src/diag/trace_impl.o
 .debug_macro   0x0000da54       0xcf ./system/src/diag/trace_impl.o
 .debug_macro   0x0000db23       0xbe ./system/src/diag/trace_impl.o
 .debug_macro   0x0000dbe1       0x95 ./system/src/cortexm/_initialize_hardware.o
 .debug_macro   0x0000dc76      0x237 ./system/src/cortexm/exception_handlers.o
 .debug_macro   0x0000dead       0x3b ./system/src/cortexm/exception_handlers.o
 .debug_macro   0x0000dee8       0x22 ./system/src/cortexm/exception_handlers.o
 .debug_macro   0x0000df0a       0x10 ./system/src/cortexm/exception_handlers.o
 .debug_macro   0x0000df1a       0x9d ./system/src/cmsis/system_stm32f4xx.o
 .debug_macro   0x0000dfb7       0x2e ./system/src/cmsis/system_stm32f4xx.o
 .debug_macro   0x0000dfe5       0x43 ./system/src/cmsis/system_stm32f4xx.o
 .debug_macro   0x0000e028      0x361 ./system/src/STM32F4XX/stm32f4xx_hal.o
 .debug_macro   0x0000e389      0x1bb ./system/src/STM32F4XX/stm32f4xx_hal.o
 .debug_macro   0x0000e544     0x33a6 ./system/src/STM32F4XX/stm32f4xx_hal.o
 .debug_macro   0x000118ea       0x57 ./system/src/STM32F4XX/stm32f4xx_hal.o
 .debug_macro   0x00011941      0xc9e ./system/src/STM32F4XX/stm32f4xx_hal.o
 .debug_macro   0x000125df      0x9da ./system/src/STM32F4XX/stm32f4xx_hal.o
 .debug_macro   0x00012fb9      0x11e ./system/src/STM32F4XX/stm32f4xx_hal.o
 .debug_macro   0x000130d7      0x161 ./system/src/STM32F4XX/stm32f4xx_hal.o
 .debug_macro   0x00013238       0x27 ./system/src/STM32F4XX/stm32f4xx_hal.o
 .debug_macro   0x0001325f      0x272 ./system/src/STM32F4XX/stm32f4xx_hal.o
 .debug_macro   0x000134d1       0x5f ./system/src/STM32F4XX/stm32f4xx_hal.o
 .debug_macro   0x00013530      0x23a ./system/src/STM32F4XX/stm32f4xx_hal.o
 .debug_macro   0x0001376a      0x13a ./system/src/STM32F4XX/stm32f4xx_hal.o
 .debug_macro   0x000138a4      0x41d ./system/src/STM32F4XX/stm32f4xx_hal.o
 .debug_macro   0x00013cc1       0x2e ./system/src/STM32F4XX/stm32f4xx_hal.o
 .debug_macro   0x00013cef      0x1a7 ./system/src/STM32F4XX/stm32f4xx_hal.o
 .debug_macro   0x00013e96       0x22 ./system/src/STM32F4XX/stm32f4xx_hal.o
 .debug_macro   0x00013eb8       0xa5 ./system/src/STM32F4XX/stm32f4xx_hal.o
 .debug_macro   0x00013f5d      0x11e ./system/src/STM32F4XX/stm32f4xx_hal.o
 .debug_macro   0x0001407b       0xe2 ./system/src/STM32F4XX/stm32f4xx_hal.o
 .debug_macro   0x0001415d       0x89 ./system/src/STM32F4XX/stm32f4xx_hal.o
 .debug_macro   0x000141e6      0x202 ./system/src/STM32F4XX/stm32f4xx_hal.o
 .debug_macro   0x000143e8      0x6d9 ./system/src/STM32F4XX/stm32f4xx_hal.o
 .debug_macro   0x00014ac1       0x5b ./system/src/STM32F4XX/stm32f4xx_hal.o
 .debug_macro   0x00014b1c      0x14d ./system/src/STM32F4XX/stm32f4xx_hal.o
 .debug_macro   0x00014c69      0x287 ./system/src/STM32F4XX/stm32f4xx_hal.o
 .debug_macro   0x00014ef0      0x12c ./system/src/STM32F4XX/stm32f4xx_hal.o
 .debug_macro   0x0001501c      0x313 ./system/src/STM32F4XX/stm32f4xx_hal_cortex.o
 .debug_macro   0x0001532f      0x31a ./system/src/STM32F4XX/stm32f4xx_hal_dma.o
 .debug_macro   0x00015649      0x34b ./system/src/STM32F4XX/stm32f4xx_hal_gpio.o
 .debug_macro   0x00015994      0x313 ./system/src/STM32F4XX/stm32f4xx_hal_msp_template.o
 .debug_macro   0x00015ca7      0x32b ./system/src/STM32F4XX/stm32f4xx_hal_pwr_ex.o
 .debug_macro   0x00015fd2      0x33d ./system/src/STM32F4XX/stm32f4xx_hal_rcc.o
 .debug_macro   0x0001630f      0x314 ./system/src/STM32F4XX/stm32f4xx_hal_tim.o
 .debug_macro   0x00016623      0x313 ./system/src/STM32F4XX/stm32f4xx_hal_tim_ex.o
 .debug_macro   0x00016936      0x313 ./system/src/STM32F4XX/stm32f4xx_hal_timebase_tim_template.o
 .debug_macro   0x00016c49      0x314 ./system/src/STM32F4XX/stm32f4xx_hal_uart.o
 .debug_macro   0x00016f5d      0x335 ./src/HAL_UART_out.o
 .debug_macro   0x00017292       0x94 ./src/HAL_UART_out.o
 .debug_macro   0x00017326      0x265 ./src/HAL_UART_out.o
 .debug_macro   0x0001758b      0x334 ./src/main.o
 .debug_macro   0x000178bf       0x5e ./src/main.o
 .debug_macro   0x0001791d       0x9a ./src/main.o
 .debug_macro   0x000179b7      0x340 ./src/stm32f429i_discovery.o
 .debug_macro   0x00017cf7      0x25f ./src/stm32f429i_discovery.o
 .debug_macro   0x00017f56      0x339 ./src/stm32f4xx_it.o
